<IDENTIFIER 'factorial'>
<COLON ':'>
<IDENTIFIER 'n'>
<ARROW '->'>
<INT '1'>
<IDENTIFIER 'if'>
<OPERATOR '<'>
<IDENTIFIER 'n'>
<INT '2'>
<IDENTIFIER 'else'>
<OPERATOR '*'>
<IDENTIFIER 'n'>
<LPAREN '('>
<IDENTIFIER 'factorial'>
<LPAREN '('>
<OPERATOR '-'>
<IDENTIFIER 'n'>
<INT '1'>
<RPAREN ')'>
<DOT '.'>
<IDENTIFIER 'print'>
<LPAREN '('>
<IDENTIFIER 'factorial'>
<INT '10'>
<RPAREN ')'>
<DOT '.'>
<IDENTIFIER 'make_adder'>
<COLON ':'>
<IDENTIFIER 'x'>
<ARROW '->'>
<COLON ':'>
<IDENTIFIER 'y'>
<ARROW '->'>
<OPERATOR '+'>
<IDENTIFIER 'x'>
<IDENTIFIER 'y'>
<DOT '.'>
<DOT '.'>
<OPERATOR '='>
<IDENTIFIER 'add_10'>
<LPAREN '('>
<IDENTIFIER 'make_adder'>
<INT '10'>
<RPAREN ')'>
<DOT '.'>
<IDENTIFIER 'print'>
<LPAREN '('>
<IDENTIFIER 'add_10'>
<INT '23'>
<RPAREN ')'>
<DOT '.'>
